// Jest Snapshot v1, https://goo.gl/fbAQLP

exports[`Test the header component Matches the snapshot 1`] = `
<div>
  <div
    class="header"
  >
    <p>
      <a
        class="year"
        href="/"
      >
        <i
          class="bx bx-chevron-left-circle"
        />
         
      </a>
    </p>
    <p
      class="heading"
    />
    <div
      class="icons"
    >
      <i
        class="bx bxs-microphone-alt"
      />
      <i
        class="bx bx-cog"
      />
    </div>
  </div>
</div>
`;
